2025-03-08 23:12:10.237 [info] [main] Log level: Info
2025-03-08 23:12:10.237 [info] [main] Validating found git in: "git"
2025-03-08 23:12:10.238 [info] [main] Using git "2.43.0" from "git"
2025-03-08 23:12:10.238 [info] [Model][doInitialScan] Initial repository scan started
2025-03-08 23:12:10.458 [info] > git rev-parse --show-toplevel [231ms]
2025-03-08 23:12:10.458 [info] fatal: not a git repository (or any of the parent directories): .git
2025-03-08 23:12:10.465 [info] > git rev-parse --show-toplevel [2ms]
2025-03-08 23:12:10.466 [info] fatal: not a git repository (or any of the parent directories): .git
2025-03-08 23:12:10.472 [info] > git rev-parse --show-toplevel [2ms]
2025-03-08 23:12:10.472 [info] fatal: not a git repository (or any of the parent directories): .git
2025-03-08 23:12:10.477 [info] > git rev-parse --show-toplevel [2ms]
2025-03-08 23:12:10.477 [info] fatal: not a git repository (or any of the parent directories): .git
2025-03-08 23:12:10.489 [info] > git rev-parse --show-toplevel [2ms]
2025-03-08 23:12:10.489 [info] fatal: not a git repository (or any of the parent directories): .git
2025-03-08 23:12:10.499 [info] [Model][doInitialScan] Initial repository scan completed - repositories (0), closed repositories (0), parent repositories (0), unsafe repositories (0)
2025-03-08 23:12:10.943 [info] > git rev-parse --show-toplevel [5ms]
2025-03-08 23:12:10.943 [info] fatal: not a git repository (or any of the parent directories): .git
2025-03-08 23:12:17.548 [info] > git rev-parse --show-toplevel [8ms]
2025-03-08 23:12:17.548 [info] fatal: not a git repository (or any of the parent directories): .git
2025-03-08 23:20:56.202 [info] > git rev-parse --show-toplevel [11ms]
2025-03-08 23:20:56.202 [info] fatal: not a git repository (or any of the parent directories): .git
