2025-03-09 13:15:25.428 [info] [main] Log level: Info
2025-03-09 13:15:25.428 [info] [main] Validating found git in: "git"
2025-03-09 13:15:25.428 [info] [main] Using git "2.43.0" from "git"
2025-03-09 13:15:25.428 [info] [Model][doInitialScan] Initial repository scan started
2025-03-09 13:15:25.428 [info] > git rev-parse --show-toplevel [5ms]
2025-03-09 13:15:25.428 [info] > git rev-parse --git-dir --git-common-dir [2ms]
2025-03-09 13:15:25.428 [info] [Model][openRepository] Opened repository: /home/ellmarslanasif
2025-03-09 13:15:25.428 [info] [Model][doInitialScan] Initial repository scan completed - repositories (1), closed repositories (0), parent repositories (0), unsafe repositories (0)
2025-03-09 13:15:25.428 [info] > git config --get commit.template [200ms]
2025-03-09 13:15:25.472 [info] > git for-each-ref --format=%(refname)%00%(upstream:short)%00%(objectname)%00%(upstream:track)%00%(upstream:remotename)%00%(upstream:remoteref) refs/heads/SEQUENTIAL refs/remotes/SEQUENTIAL [39ms]
2025-03-09 13:15:25.499 [info] > git for-each-ref --sort -committerdate --format %(refname) %(objectname) %(*objectname) [10ms]
2025-03-09 13:15:25.518 [info] > git status -z -uall [39ms]
2025-03-09 13:15:25.652 [info] > git for-each-ref --format=%(refname)%00%(upstream:short)%00%(objectname)%00%(upstream:track)%00%(upstream:remotename)%00%(upstream:remoteref) refs/heads/SEQUENTIAL refs/remotes/SEQUENTIAL [63ms]
2025-03-09 13:15:25.719 [info] > git config --get --local branch.SEQUENTIAL.vscode-merge-base [53ms]
2025-03-09 13:15:25.737 [info] > git config --get commit.template [86ms]
2025-03-09 13:15:25.754 [info] > git for-each-ref --format=%(refname)%00%(upstream:short)%00%(objectname)%00%(upstream:track)%00%(upstream:remotename)%00%(upstream:remoteref) refs/heads/SEQUENTIAL refs/remotes/SEQUENTIAL [12ms]
2025-03-09 13:15:25.806 [info] > git check-ignore -v -z --stdin [46ms]
2025-03-09 13:15:25.818 [info] > git for-each-ref --format=%(refname)%00%(upstream:short)%00%(objectname)%00%(upstream:track)%00%(upstream:remotename)%00%(upstream:remoteref) refs/heads/origin/PDC_HOME_TASK refs/remotes/origin/PDC_HOME_TASK [82ms]
2025-03-09 13:15:25.839 [info] > git merge-base refs/heads/SEQUENTIAL refs/remotes/origin/SEQUENTIAL [3ms]
2025-03-09 13:15:25.909 [info] > git diff --name-status -z --diff-filter=ADMR 41c6f1bfe1469f23328fe58d544c74f2a34ae1bd...refs/remotes/origin/SEQUENTIAL [56ms]
2025-03-09 13:15:25.922 [info] > git for-each-ref --sort -committerdate --format %(refname) %(objectname) %(*objectname) [18ms]
2025-03-09 13:15:26.550 [info] > git status -z -uall [662ms]
2025-03-09 13:15:26.551 [info] > git fetch [1353ms]
2025-03-09 13:15:26.574 [info] > git config --get commit.template [8ms]
2025-03-09 13:15:26.581 [info] > git for-each-ref --format=%(refname)%00%(upstream:short)%00%(objectname)%00%(upstream:track)%00%(upstream:remotename)%00%(upstream:remoteref) refs/heads/SEQUENTIAL refs/remotes/SEQUENTIAL [3ms]
2025-03-09 13:15:26.599 [info] > git for-each-ref --sort -committerdate --format %(refname) %(objectname) %(*objectname) [3ms]
2025-03-09 13:15:26.617 [info] > git status -z -uall [26ms]
2025-03-09 13:15:27.791 [info] > git config --get commit.template [5ms]
2025-03-09 13:15:27.798 [info] > git for-each-ref --format=%(refname)%00%(upstream:short)%00%(objectname)%00%(upstream:track)%00%(upstream:remotename)%00%(upstream:remoteref) refs/heads/SEQUENTIAL refs/remotes/SEQUENTIAL [2ms]
2025-03-09 13:15:27.811 [info] > git for-each-ref --sort -committerdate --format %(refname) %(objectname) %(*objectname) [3ms]
2025-03-09 13:15:27.829 [info] > git status -z -uall [27ms]
2025-03-09 13:15:32.844 [info] > git config --get commit.template [6ms]
2025-03-09 13:15:32.845 [info] > git for-each-ref --format=%(refname)%00%(upstream:short)%00%(objectname)%00%(upstream:track)%00%(upstream:remotename)%00%(upstream:remoteref) refs/heads/SEQUENTIAL refs/remotes/SEQUENTIAL [2ms]
2025-03-09 13:15:32.862 [info] > git for-each-ref --sort -committerdate --format %(refname) %(objectname) %(*objectname) [5ms]
2025-03-09 13:15:32.870 [info] > git status -z -uall [21ms]
2025-03-09 13:15:37.885 [info] > git config --get commit.template [3ms]
2025-03-09 13:15:37.886 [info] > git for-each-ref --format=%(refname)%00%(upstream:short)%00%(objectname)%00%(upstream:track)%00%(upstream:remotename)%00%(upstream:remoteref) refs/heads/SEQUENTIAL refs/remotes/SEQUENTIAL [1ms]
2025-03-09 13:15:37.896 [info] > git for-each-ref --sort -committerdate --format %(refname) %(objectname) %(*objectname) [3ms]
2025-03-09 13:15:37.905 [info] > git status -z -uall [16ms]
2025-03-09 13:15:42.917 [info] > git config --get commit.template [5ms]
2025-03-09 13:15:42.918 [info] > git for-each-ref --format=%(refname)%00%(upstream:short)%00%(objectname)%00%(upstream:track)%00%(upstream:remotename)%00%(upstream:remoteref) refs/heads/SEQUENTIAL refs/remotes/SEQUENTIAL [2ms]
2025-03-09 13:15:42.928 [info] > git for-each-ref --sort -committerdate --format %(refname) %(objectname) %(*objectname) [2ms]
2025-03-09 13:15:42.937 [info] > git status -z -uall [16ms]
2025-03-09 13:15:44.581 [info] > git show --textconv :PDC_WORKS/FIBONACCI.c [9ms]
2025-03-09 13:15:44.588 [info] > git ls-files --stage -- PDC_WORKS/FIBONACCI.c [12ms]
2025-03-09 13:15:44.596 [info] > git hash-object -t tree /dev/null [8ms]
2025-03-09 13:15:44.596 [warning] [GitFileSystemProvider][readFile] File not found - git:/home/ellmarslanasif/PDC_WORKS/FIBONACCI.c.git?%7B%22path%22%3A%22%2Fhome%2Fellmarslanasif%2FPDC_WORKS%2FFIBONACCI.c%22%2C%22ref%22%3A%22%22%7D
2025-03-09 13:15:44.605 [info] > git hash-object -t tree /dev/null [11ms]
2025-03-09 13:15:44.606 [warning] [GitFileSystemProvider][stat] File not found - git:/home/ellmarslanasif/PDC_WORKS/FIBONACCI.c.git?%7B%22path%22%3A%22%2Fhome%2Fellmarslanasif%2FPDC_WORKS%2FFIBONACCI.c%22%2C%22ref%22%3A%22%22%7D
2025-03-09 13:15:44.722 [info] > git check-ignore -v -z --stdin [2ms]
2025-03-09 13:15:54.722 [info] > git config --get commit.template [8ms]
2025-03-09 13:15:54.725 [info] > git for-each-ref --format=%(refname)%00%(upstream:short)%00%(objectname)%00%(upstream:track)%00%(upstream:remotename)%00%(upstream:remoteref) refs/heads/SEQUENTIAL refs/remotes/SEQUENTIAL [11ms]
2025-03-09 13:15:54.752 [info] > git for-each-ref --sort -committerdate --format %(refname) %(objectname) %(*objectname) [3ms]
2025-03-09 13:15:54.798 [info] > git status -z -uall [57ms]
2025-03-09 13:15:59.763 [info] > git check-ignore -v -z --stdin [8ms]
2025-03-09 13:15:59.822 [info] > git config --get commit.template [2ms]
2025-03-09 13:15:59.828 [info] > git for-each-ref --format=%(refname)%00%(upstream:short)%00%(objectname)%00%(upstream:track)%00%(upstream:remotename)%00%(upstream:remoteref) refs/heads/SEQUENTIAL refs/remotes/SEQUENTIAL [2ms]
2025-03-09 13:15:59.842 [info] > git for-each-ref --sort -committerdate --format %(refname) %(objectname) %(*objectname) [3ms]
2025-03-09 13:15:59.852 [info] > git status -z -uall [20ms]
2025-03-09 13:16:00.544 [info] > git check-ignore -v -z --stdin [2ms]
2025-03-09 13:16:04.866 [info] > git config --get commit.template [5ms]
2025-03-09 13:16:04.866 [info] > git for-each-ref --format=%(refname)%00%(upstream:short)%00%(objectname)%00%(upstream:track)%00%(upstream:remotename)%00%(upstream:remoteref) refs/heads/SEQUENTIAL refs/remotes/SEQUENTIAL [2ms]
2025-03-09 13:16:04.879 [info] > git for-each-ref --sort -committerdate --format %(refname) %(objectname) %(*objectname) [3ms]
2025-03-09 13:16:04.894 [info] > git status -z -uall [24ms]
2025-03-09 13:16:09.910 [info] > git config --get commit.template [6ms]
2025-03-09 13:16:09.911 [info] > git for-each-ref --format=%(refname)%00%(upstream:short)%00%(objectname)%00%(upstream:track)%00%(upstream:remotename)%00%(upstream:remoteref) refs/heads/SEQUENTIAL refs/remotes/SEQUENTIAL [2ms]
2025-03-09 13:16:09.924 [info] > git for-each-ref --sort -committerdate --format %(refname) %(objectname) %(*objectname) [3ms]
2025-03-09 13:16:09.934 [info] > git status -z -uall [17ms]
2025-03-09 13:16:14.948 [info] > git config --get commit.template [6ms]
2025-03-09 13:16:14.949 [info] > git for-each-ref --format=%(refname)%00%(upstream:short)%00%(objectname)%00%(upstream:track)%00%(upstream:remotename)%00%(upstream:remoteref) refs/heads/SEQUENTIAL refs/remotes/SEQUENTIAL [3ms]
2025-03-09 13:16:14.963 [info] > git for-each-ref --sort -committerdate --format %(refname) %(objectname) %(*objectname) [1ms]
2025-03-09 13:16:14.972 [info] > git status -z -uall [19ms]
2025-03-09 13:16:19.984 [info] > git config --get commit.template [5ms]
2025-03-09 13:16:19.985 [info] > git for-each-ref --format=%(refname)%00%(upstream:short)%00%(objectname)%00%(upstream:track)%00%(upstream:remotename)%00%(upstream:remoteref) refs/heads/SEQUENTIAL refs/remotes/SEQUENTIAL [2ms]
2025-03-09 13:16:20.002 [info] > git for-each-ref --sort -committerdate --format %(refname) %(objectname) %(*objectname) [6ms]
2025-03-09 13:16:20.011 [info] > git status -z -uall [21ms]
2025-03-09 13:16:22.587 [info] > git add -A -- . [27ms]
2025-03-09 13:16:22.620 [info] > git -c user.useConfigOnly=true commit --quiet --allow-empty-message --file - [27ms]
2025-03-09 13:16:22.631 [info] > git config --get commit.template [2ms]
2025-03-09 13:16:22.644 [info] > git config --get commit.template [7ms]
2025-03-09 13:16:22.645 [info] > git for-each-ref --format=%(refname)%00%(upstream:short)%00%(objectname)%00%(upstream:track)%00%(upstream:remotename)%00%(upstream:remoteref) refs/heads/SEQUENTIAL refs/remotes/SEQUENTIAL [3ms]
2025-03-09 13:16:22.662 [info] > git for-each-ref --sort -committerdate --format %(refname) %(objectname) %(*objectname) [5ms]
2025-03-09 13:16:22.671 [info] > git status -z -uall [21ms]
2025-03-09 13:16:22.693 [info] > git merge-base refs/heads/SEQUENTIAL refs/remotes/origin/SEQUENTIAL [7ms]
2025-03-09 13:16:22.700 [info] > git diff --name-status -z --diff-filter=ADMR 41c6f1bfe1469f23328fe58d544c74f2a34ae1bd...refs/remotes/origin/SEQUENTIAL [3ms]
2025-03-09 13:16:22.849 [info] > git config --get commit.template [7ms]
2025-03-09 13:16:22.852 [info] > git for-each-ref --format=%(refname)%00%(upstream:short)%00%(objectname)%00%(upstream:track)%00%(upstream:remotename)%00%(upstream:remoteref) refs/heads/SEQUENTIAL refs/remotes/SEQUENTIAL [4ms]
2025-03-09 13:16:22.879 [info] > git for-each-ref --sort -committerdate --format %(refname) %(objectname) %(*objectname) [11ms]
2025-03-09 13:16:22.907 [info] > git status -z -uall [47ms]
2025-03-09 13:16:23.060 [info] > git show --textconv :PDC_WORKS/FIBONACCI.c [8ms]
2025-03-09 13:16:23.061 [info] > git ls-files --stage -- PDC_WORKS/FIBONACCI.c [4ms]
2025-03-09 13:16:23.078 [info] > git cat-file -s f5b33b6c55afdb23dde4a4992ee714e1fe3fccae [12ms]
2025-03-09 13:16:23.127 [info] > git blame --root --incremental a51560627a3a431f992727b21d84dfdf0b4efe5a -- PDC_WORKS/FIBONACCI.c [4ms]
2025-03-09 13:16:23.992 [info] > git ls-files --stage -- PDC_WORKS/FIBONACCI.c [3ms]
2025-03-09 13:16:23.996 [info] > git cat-file -s f5b33b6c55afdb23dde4a4992ee714e1fe3fccae [1ms]
2025-03-09 13:16:24.007 [info] > git show --textconv :PDC_WORKS/FIBONACCI.c [3ms]
2025-03-09 13:16:25.025 [info] > git config --get commit.template [5ms]
2025-03-09 13:16:25.027 [info] > git for-each-ref --format=%(refname)%00%(upstream:short)%00%(objectname)%00%(upstream:track)%00%(upstream:remotename)%00%(upstream:remoteref) refs/heads/SEQUENTIAL refs/remotes/SEQUENTIAL [3ms]
2025-03-09 13:16:25.041 [info] > git for-each-ref --sort -committerdate --format %(refname) %(objectname) %(*objectname) [2ms]
2025-03-09 13:16:25.048 [info] > git status -z -uall [17ms]
