2025-03-09 12:11:23.583 [info] [main] Log level: Info
2025-03-09 12:11:23.583 [info] [main] Validating found git in: "git"
2025-03-09 12:11:23.583 [info] [main] Using git "2.43.0" from "git"
2025-03-09 12:11:23.583 [info] [Model][doInitialScan] Initial repository scan started
2025-03-09 12:11:23.583 [info] > git rev-parse --show-toplevel [18ms]
2025-03-09 12:11:23.583 [info] > git rev-parse --git-dir --git-common-dir [700ms]
2025-03-09 12:11:23.583 [info] [Model][openRepository] Opened repository: /home/ellmarslanasif
2025-03-09 12:11:23.583 [info] > git rev-parse --show-toplevel [9ms]
2025-03-09 12:11:23.583 [info] [Model][doInitialScan] Initial repository scan completed - repositories (1), closed repositories (0), parent repositories (0), unsafe repositories (0)
2025-03-09 12:11:23.583 [info] > git config --get commit.template [31ms]
2025-03-09 12:11:23.669 [info] > git for-each-ref --format=%(refname)%00%(upstream:short)%00%(objectname)%00%(upstream:track)%00%(upstream:remotename)%00%(upstream:remoteref) refs/heads/main refs/remotes/main [81ms]
2025-03-09 12:11:23.803 [info] > git show --textconv :PDC_WORKS/Sequential.c [27ms]
2025-03-09 12:11:23.804 [info] > git ls-files --stage -- PDC_WORKS/Sequential.c [22ms]
2025-03-09 12:11:24.843 [info] > git check-ignore -v -z --stdin [72ms]
2025-03-09 12:11:24.845 [info] > git status -z -uall [65ms]
2025-03-09 12:11:24.845 [info] > git fetch [1581ms]
2025-03-09 12:11:24.848 [info] > git for-each-ref --sort -committerdate --format %(refname) %(objectname) %(*objectname) [47ms] (cancelled)
2025-03-09 12:11:24.860 [info] > git cat-file -s 80bfad2a071857ad397ed64dbeaf6da95c5d1f3a [1051ms]
2025-03-09 12:11:24.882 [info] > git for-each-ref --format=%(refname)%00%(upstream:short)%00%(objectname)%00%(upstream:track)%00%(upstream:remotename)%00%(upstream:remoteref) refs/heads/main refs/remotes/main [27ms]
2025-03-09 12:11:24.903 [info] > git config --get commit.template [26ms]
2025-03-09 12:11:24.905 [info] > git config --get commit.template [39ms]
2025-03-09 12:11:24.910 [info] > git config --get --local branch.main.vscode-merge-base [17ms]
2025-03-09 12:11:24.910 [warning] [Git][config] git config failed: Failed to execute git
2025-03-09 12:11:24.935 [info] > git for-each-ref --format=%(refname)%00%(upstream:short)%00%(objectname)%00%(upstream:track)%00%(upstream:remotename)%00%(upstream:remoteref) refs/heads/main refs/remotes/main [7ms]
2025-03-09 12:11:24.936 [info] > git reflog main --grep-reflog=branch: Created from *. [21ms]
2025-03-09 12:11:24.962 [info] > git for-each-ref --format=%(refname)%00%(upstream:short)%00%(objectname)%00%(upstream:track)%00%(upstream:remotename)%00%(upstream:remoteref) refs/heads/main refs/remotes/main [31ms]
2025-03-09 12:11:25.022 [info] > git for-each-ref --format=%(refname)%00%(upstream:short)%00%(objectname)%00%(upstream:track)%00%(upstream:remotename)%00%(upstream:remoteref) refs/heads/main refs/remotes/main [31ms]
2025-03-09 12:11:25.036 [info] > git blame --root --incremental 8b1d3623d6c462a50f26a39ba1d484f8606e079e -- PDC_WORKS/Sequential.c [52ms]
2025-03-09 12:11:25.039 [info] > git symbolic-ref --short refs/remotes/origin/HEAD [80ms]
2025-03-09 12:11:25.039 [info] fatal: ref refs/remotes/origin/HEAD is not a symbolic ref
2025-03-09 12:11:25.040 [warning] [Repository][getDefaultBranch] Failed to get default branch details: Failed to execute git.
2025-03-09 12:11:25.088 [info] > git merge-base refs/heads/main refs/remotes/origin/main [29ms]
2025-03-09 12:11:25.106 [info] > git config --get --local branch.main.vscode-merge-base [74ms]
2025-03-09 12:11:25.106 [warning] [Git][config] git config failed: Failed to execute git
2025-03-09 12:11:25.133 [info] > git status -z -uall [67ms]
2025-03-09 12:11:25.134 [info] > git diff --name-status -z --diff-filter=ADMR 8b1d3623d6c462a50f26a39ba1d484f8606e079e...refs/remotes/origin/main [28ms]
2025-03-09 12:11:25.135 [info] > git for-each-ref --sort -committerdate --format %(refname) %(objectname) %(*objectname) [64ms]
2025-03-09 12:11:25.148 [info] > git reflog main --grep-reflog=branch: Created from *. [28ms]
2025-03-09 12:11:25.839 [info] > git symbolic-ref --short refs/remotes/origin/HEAD [687ms]
2025-03-09 12:11:25.840 [info] fatal: ref refs/remotes/origin/HEAD is not a symbolic ref
2025-03-09 12:11:25.840 [warning] [Repository][getDefaultBranch] Failed to get default branch details: Failed to execute git.
2025-03-09 12:11:26.394 [info] > git ls-files --stage -- PDC_WORKS/Sequential.c [353ms]
2025-03-09 12:11:26.404 [info] > git cat-file -s 80bfad2a071857ad397ed64dbeaf6da95c5d1f3a [5ms]
2025-03-09 12:11:26.428 [info] > git show --textconv :PDC_WORKS/Sequential.c [6ms]
2025-03-09 12:11:26.499 [info] > git check-ignore -v -z --stdin [4ms]
2025-03-09 12:11:28.956 [info] > git config --get commit.template [2ms]
2025-03-09 12:11:28.961 [info] > git for-each-ref --format=%(refname)%00%(upstream:short)%00%(objectname)%00%(upstream:track)%00%(upstream:remotename)%00%(upstream:remoteref) refs/heads/main refs/remotes/main [1ms]
2025-03-09 12:11:28.970 [info] > git for-each-ref --sort -committerdate --format %(refname) %(objectname) %(*objectname) [2ms]
2025-03-09 12:11:28.980 [info] > git status -z -uall [16ms]
2025-03-09 12:11:33.992 [info] > git config --get commit.template [3ms]
2025-03-09 12:11:33.998 [info] > git for-each-ref --format=%(refname)%00%(upstream:short)%00%(objectname)%00%(upstream:track)%00%(upstream:remotename)%00%(upstream:remoteref) refs/heads/main refs/remotes/main [2ms]
2025-03-09 12:11:34.011 [info] > git for-each-ref --sort -committerdate --format %(refname) %(objectname) %(*objectname) [4ms]
2025-03-09 12:11:34.027 [info] > git status -z -uall [25ms]
2025-03-09 12:11:39.040 [info] > git config --get commit.template [6ms]
2025-03-09 12:11:39.042 [info] > git for-each-ref --format=%(refname)%00%(upstream:short)%00%(objectname)%00%(upstream:track)%00%(upstream:remotename)%00%(upstream:remoteref) refs/heads/main refs/remotes/main [2ms]
2025-03-09 12:11:39.057 [info] > git for-each-ref --sort -committerdate --format %(refname) %(objectname) %(*objectname) [7ms]
2025-03-09 12:11:39.082 [info] > git status -z -uall [36ms]
2025-03-09 12:11:44.096 [info] > git config --get commit.template [5ms]
2025-03-09 12:11:44.098 [info] > git for-each-ref --format=%(refname)%00%(upstream:short)%00%(objectname)%00%(upstream:track)%00%(upstream:remotename)%00%(upstream:remoteref) refs/heads/main refs/remotes/main [2ms]
2025-03-09 12:11:44.116 [info] > git for-each-ref --sort -committerdate --format %(refname) %(objectname) %(*objectname) [3ms]
2025-03-09 12:11:44.132 [info] > git status -z -uall [24ms]
2025-03-09 12:13:16.272 [info] > git config --get commit.template [8ms]
2025-03-09 12:13:16.275 [info] > git for-each-ref --format=%(refname)%00%(upstream:short)%00%(objectname)%00%(upstream:track)%00%(upstream:remotename)%00%(upstream:remoteref) refs/heads/main refs/remotes/main [5ms]
2025-03-09 12:13:16.306 [info] > git for-each-ref --sort -committerdate --format %(refname) %(objectname) %(*objectname) [3ms]
2025-03-09 12:13:16.346 [info] > git status -z -uall [58ms]
2025-03-09 12:13:21.368 [info] > git config --get commit.template [3ms]
2025-03-09 12:13:21.375 [info] > git for-each-ref --format=%(refname)%00%(upstream:short)%00%(objectname)%00%(upstream:track)%00%(upstream:remotename)%00%(upstream:remoteref) refs/heads/main refs/remotes/main [2ms]
2025-03-09 12:13:21.391 [info] > git for-each-ref --sort -committerdate --format %(refname) %(objectname) %(*objectname) [3ms]
2025-03-09 12:13:21.407 [info] > git status -z -uall [26ms]
2025-03-09 12:13:26.425 [info] > git config --get commit.template [4ms]
2025-03-09 12:13:26.426 [info] > git for-each-ref --format=%(refname)%00%(upstream:short)%00%(objectname)%00%(upstream:track)%00%(upstream:remotename)%00%(upstream:remoteref) refs/heads/main refs/remotes/main [3ms]
2025-03-09 12:13:26.441 [info] > git for-each-ref --sort -committerdate --format %(refname) %(objectname) %(*objectname) [4ms]
2025-03-09 12:13:26.455 [info] > git status -z -uall [24ms]
2025-03-09 12:13:31.471 [info] > git config --get commit.template [6ms]
2025-03-09 12:13:31.472 [info] > git for-each-ref --format=%(refname)%00%(upstream:short)%00%(objectname)%00%(upstream:track)%00%(upstream:remotename)%00%(upstream:remoteref) refs/heads/main refs/remotes/main [2ms]
2025-03-09 12:13:31.486 [info] > git for-each-ref --sort -committerdate --format %(refname) %(objectname) %(*objectname) [2ms]
2025-03-09 12:13:31.529 [info] > git status -z -uall [53ms]
2025-03-09 12:13:36.551 [info] > git config --get commit.template [8ms]
2025-03-09 12:13:36.556 [info] > git for-each-ref --format=%(refname)%00%(upstream:short)%00%(objectname)%00%(upstream:track)%00%(upstream:remotename)%00%(upstream:remoteref) refs/heads/main refs/remotes/main [8ms]
2025-03-09 12:13:36.568 [info] > git for-each-ref --sort -committerdate --format %(refname) %(objectname) %(*objectname) [2ms]
2025-03-09 12:13:36.597 [info] > git status -z -uall [36ms]
2025-03-09 12:13:42.905 [info] > git config --get commit.template [14ms]
2025-03-09 12:13:42.908 [info] > git for-each-ref --format=%(refname)%00%(upstream:short)%00%(objectname)%00%(upstream:track)%00%(upstream:remotename)%00%(upstream:remoteref) refs/heads/main refs/remotes/main [4ms]
2025-03-09 12:13:42.944 [info] > git for-each-ref --sort -committerdate --format %(refname) %(objectname) %(*objectname) [3ms]
2025-03-09 12:13:43.003 [info] > git status -z -uall [79ms]
2025-03-09 12:13:48.025 [info] > git config --get commit.template [7ms]
2025-03-09 12:13:48.025 [info] > git for-each-ref --format=%(refname)%00%(upstream:short)%00%(objectname)%00%(upstream:track)%00%(upstream:remotename)%00%(upstream:remoteref) refs/heads/main refs/remotes/main [3ms]
2025-03-09 12:13:48.043 [info] > git for-each-ref --sort -committerdate --format %(refname) %(objectname) %(*objectname) [4ms]
2025-03-09 12:13:48.053 [info] > git status -z -uall [21ms]
2025-03-09 12:14:15.443 [info] > git config --get commit.template [12ms]
2025-03-09 12:14:15.444 [info] > git for-each-ref --format=%(refname)%00%(upstream:short)%00%(objectname)%00%(upstream:track)%00%(upstream:remotename)%00%(upstream:remoteref) refs/heads/main refs/remotes/main [2ms]
2025-03-09 12:14:15.473 [info] > git for-each-ref --sort -committerdate --format %(refname) %(objectname) %(*objectname) [11ms]
2025-03-09 12:14:15.514 [info] > git status -z -uall [64ms]
2025-03-09 12:14:20.542 [info] > git config --get commit.template [6ms]
2025-03-09 12:14:20.543 [info] > git for-each-ref --format=%(refname)%00%(upstream:short)%00%(objectname)%00%(upstream:track)%00%(upstream:remotename)%00%(upstream:remoteref) refs/heads/main refs/remotes/main [2ms]
2025-03-09 12:14:20.558 [info] > git for-each-ref --sort -committerdate --format %(refname) %(objectname) %(*objectname) [5ms]
2025-03-09 12:14:20.573 [info] > git status -z -uall [25ms]
2025-03-09 12:14:26.021 [info] > git fetch [1020ms]
2025-03-09 12:14:26.036 [info] > git for-each-ref --format=%(refname)%00%(upstream:short)%00%(objectname)%00%(upstream:track)%00%(upstream:remotename)%00%(upstream:remoteref) refs/heads/main refs/remotes/main [3ms]
2025-03-09 12:14:26.036 [info] > git config --get commit.template [10ms]
2025-03-09 12:14:26.049 [info] > git for-each-ref --sort -committerdate --format %(refname) %(objectname) %(*objectname) [2ms]
2025-03-09 12:14:26.081 [info] > git status -z -uall [40ms]
2025-03-09 12:14:26.098 [info] > git config --get commit.template [5ms]
2025-03-09 12:14:26.099 [info] > git for-each-ref --format=%(refname)%00%(upstream:short)%00%(objectname)%00%(upstream:track)%00%(upstream:remotename)%00%(upstream:remoteref) refs/heads/main refs/remotes/main [2ms]
2025-03-09 12:14:26.118 [info] > git for-each-ref --sort -committerdate --format %(refname) %(objectname) %(*objectname) [3ms]
2025-03-09 12:14:26.154 [info] > git status -z -uall [49ms]
2025-03-09 12:14:28.722 [info] > git ls-files --stage -- PDC_WORKS/Sequential.c [2ms]
2025-03-09 12:14:28.726 [info] > git cat-file -s 80bfad2a071857ad397ed64dbeaf6da95c5d1f3a [1ms]
2025-03-09 12:14:28.737 [info] > git show --textconv :PDC_WORKS/Sequential.c [3ms]
2025-03-09 12:14:31.170 [info] > git config --get commit.template [6ms]
2025-03-09 12:14:31.170 [info] > git for-each-ref --format=%(refname)%00%(upstream:short)%00%(objectname)%00%(upstream:track)%00%(upstream:remotename)%00%(upstream:remoteref) refs/heads/main refs/remotes/main [3ms]
2025-03-09 12:14:31.182 [info] > git for-each-ref --sort -committerdate --format %(refname) %(objectname) %(*objectname) [3ms]
2025-03-09 12:14:31.202 [info] > git status -z -uall [28ms]
2025-03-09 12:14:36.218 [info] > git config --get commit.template [7ms]
2025-03-09 12:14:36.218 [info] > git for-each-ref --format=%(refname)%00%(upstream:short)%00%(objectname)%00%(upstream:track)%00%(upstream:remotename)%00%(upstream:remoteref) refs/heads/main refs/remotes/main [2ms]
2025-03-09 12:14:36.233 [info] > git for-each-ref --sort -committerdate --format %(refname) %(objectname) %(*objectname) [3ms]
2025-03-09 12:14:36.245 [info] > git status -z -uall [23ms]
2025-03-09 12:14:41.256 [info] > git config --get commit.template [5ms]
2025-03-09 12:14:41.257 [info] > git for-each-ref --format=%(refname)%00%(upstream:short)%00%(objectname)%00%(upstream:track)%00%(upstream:remotename)%00%(upstream:remoteref) refs/heads/main refs/remotes/main [2ms]
2025-03-09 12:14:41.274 [info] > git for-each-ref --sort -committerdate --format %(refname) %(objectname) %(*objectname) [3ms]
2025-03-09 12:14:41.284 [info] > git status -z -uall [23ms]
2025-03-09 12:14:46.297 [info] > git config --get commit.template [5ms]
2025-03-09 12:14:46.298 [info] > git for-each-ref --format=%(refname)%00%(upstream:short)%00%(objectname)%00%(upstream:track)%00%(upstream:remotename)%00%(upstream:remoteref) refs/heads/main refs/remotes/main [3ms]
2025-03-09 12:14:46.314 [info] > git for-each-ref --sort -committerdate --format %(refname) %(objectname) %(*objectname) [5ms]
2025-03-09 12:14:46.322 [info] > git status -z -uall [20ms]
2025-03-09 12:14:51.334 [info] > git config --get commit.template [6ms]
2025-03-09 12:14:51.335 [info] > git for-each-ref --format=%(refname)%00%(upstream:short)%00%(objectname)%00%(upstream:track)%00%(upstream:remotename)%00%(upstream:remoteref) refs/heads/main refs/remotes/main [2ms]
2025-03-09 12:14:51.347 [info] > git for-each-ref --sort -committerdate --format %(refname) %(objectname) %(*objectname) [3ms]
2025-03-09 12:14:51.364 [info] > git status -z -uall [25ms]
2025-03-09 12:14:56.378 [info] > git config --get commit.template [6ms]
2025-03-09 12:14:56.379 [info] > git for-each-ref --format=%(refname)%00%(upstream:short)%00%(objectname)%00%(upstream:track)%00%(upstream:remotename)%00%(upstream:remoteref) refs/heads/main refs/remotes/main [3ms]
2025-03-09 12:14:56.396 [info] > git for-each-ref --sort -committerdate --format %(refname) %(objectname) %(*objectname) [2ms]
2025-03-09 12:14:56.410 [info] > git status -z -uall [26ms]
2025-03-09 12:15:01.424 [info] > git config --get commit.template [5ms]
2025-03-09 12:15:01.425 [info] > git for-each-ref --format=%(refname)%00%(upstream:short)%00%(objectname)%00%(upstream:track)%00%(upstream:remotename)%00%(upstream:remoteref) refs/heads/main refs/remotes/main [2ms]
2025-03-09 12:15:01.437 [info] > git for-each-ref --sort -committerdate --format %(refname) %(objectname) %(*objectname) [2ms]
2025-03-09 12:15:01.450 [info] > git status -z -uall [21ms]
2025-03-09 12:15:06.462 [info] > git config --get commit.template [2ms]
2025-03-09 12:15:06.467 [info] > git for-each-ref --format=%(refname)%00%(upstream:short)%00%(objectname)%00%(upstream:track)%00%(upstream:remotename)%00%(upstream:remoteref) refs/heads/main refs/remotes/main [2ms]
2025-03-09 12:15:06.481 [info] > git for-each-ref --sort -committerdate --format %(refname) %(objectname) %(*objectname) [5ms]
2025-03-09 12:15:06.497 [info] > git status -z -uall [24ms]
2025-03-09 12:15:11.511 [info] > git config --get commit.template [5ms]
2025-03-09 12:15:11.512 [info] > git for-each-ref --format=%(refname)%00%(upstream:short)%00%(objectname)%00%(upstream:track)%00%(upstream:remotename)%00%(upstream:remoteref) refs/heads/main refs/remotes/main [2ms]
2025-03-09 12:15:11.527 [info] > git for-each-ref --sort -committerdate --format %(refname) %(objectname) %(*objectname) [4ms]
2025-03-09 12:15:11.541 [info] > git status -z -uall [25ms]
2025-03-09 12:15:16.558 [info] > git config --get commit.template [5ms]
2025-03-09 12:15:16.559 [info] > git for-each-ref --format=%(refname)%00%(upstream:short)%00%(objectname)%00%(upstream:track)%00%(upstream:remotename)%00%(upstream:remoteref) refs/heads/main refs/remotes/main [2ms]
2025-03-09 12:15:16.583 [info] > git for-each-ref --sort -committerdate --format %(refname) %(objectname) %(*objectname) [5ms]
2025-03-09 12:15:16.595 [info] > git status -z -uall [31ms]
2025-03-09 12:15:21.609 [info] > git config --get commit.template [6ms]
2025-03-09 12:15:21.609 [info] > git for-each-ref --format=%(refname)%00%(upstream:short)%00%(objectname)%00%(upstream:track)%00%(upstream:remotename)%00%(upstream:remoteref) refs/heads/main refs/remotes/main [2ms]
2025-03-09 12:15:21.620 [info] > git for-each-ref --sort -committerdate --format %(refname) %(objectname) %(*objectname) [2ms]
2025-03-09 12:15:21.633 [info] > git status -z -uall [20ms]
2025-03-09 12:15:26.647 [info] > git config --get commit.template [6ms]
2025-03-09 12:15:26.648 [info] > git for-each-ref --format=%(refname)%00%(upstream:short)%00%(objectname)%00%(upstream:track)%00%(upstream:remotename)%00%(upstream:remoteref) refs/heads/main refs/remotes/main [2ms]
2025-03-09 12:15:26.662 [info] > git for-each-ref --sort -committerdate --format %(refname) %(objectname) %(*objectname) [5ms]
2025-03-09 12:15:26.672 [info] > git status -z -uall [20ms]
2025-03-09 12:15:29.984 [info] > git remote add origin https://github.com/marslan199/Parallel-and-distributed-computing-assignment.git [51ms]
2025-03-09 12:15:29.984 [info] error: remote origin already exists.
2025-03-09 12:15:29.995 [info] > git config --get commit.template [5ms]
2025-03-09 12:15:29.996 [info] > git for-each-ref --format=%(refname)%00%(upstream:short)%00%(objectname)%00%(upstream:track)%00%(upstream:remotename)%00%(upstream:remoteref) refs/heads/main refs/remotes/main [1ms]
2025-03-09 12:15:30.008 [info] > git for-each-ref --sort -committerdate --format %(refname) %(objectname) %(*objectname) [3ms]
2025-03-09 12:15:30.021 [info] > git status -z -uall [22ms]
2025-03-09 12:15:31.687 [info] > git config --get commit.template [1ms]
2025-03-09 12:15:31.692 [info] > git for-each-ref --format=%(refname)%00%(upstream:short)%00%(objectname)%00%(upstream:track)%00%(upstream:remotename)%00%(upstream:remoteref) refs/heads/main refs/remotes/main [1ms]
2025-03-09 12:15:31.704 [info] > git for-each-ref --sort -committerdate --format %(refname) %(objectname) %(*objectname) [3ms]
2025-03-09 12:15:31.717 [info] > git status -z -uall [21ms]
2025-03-09 12:15:38.928 [info] > git config --get commit.template [11ms]
2025-03-09 12:15:38.932 [info] > git for-each-ref --format=%(refname)%00%(upstream:short)%00%(objectname)%00%(upstream:track)%00%(upstream:remotename)%00%(upstream:remoteref) refs/heads/main refs/remotes/main [5ms]
2025-03-09 12:15:38.960 [info] > git for-each-ref --sort -committerdate --format %(refname) %(objectname) %(*objectname) [10ms]
2025-03-09 12:15:39.007 [info] > git status -z -uall [64ms]
2025-03-09 12:15:44.026 [info] > git config --get commit.template [5ms]
2025-03-09 12:15:44.028 [info] > git for-each-ref --format=%(refname)%00%(upstream:short)%00%(objectname)%00%(upstream:track)%00%(upstream:remotename)%00%(upstream:remoteref) refs/heads/main refs/remotes/main [3ms]
2025-03-09 12:15:44.041 [info] > git for-each-ref --sort -committerdate --format %(refname) %(objectname) %(*objectname) [1ms]
2025-03-09 12:15:44.055 [info] > git status -z -uall [22ms]
2025-03-09 12:15:49.068 [info] > git config --get commit.template [6ms]
2025-03-09 12:15:49.069 [info] > git for-each-ref --format=%(refname)%00%(upstream:short)%00%(objectname)%00%(upstream:track)%00%(upstream:remotename)%00%(upstream:remoteref) refs/heads/main refs/remotes/main [2ms]
2025-03-09 12:15:49.083 [info] > git for-each-ref --sort -committerdate --format %(refname) %(objectname) %(*objectname) [4ms]
2025-03-09 12:15:49.094 [info] > git status -z -uall [21ms]
2025-03-09 12:15:54.107 [info] > git config --get commit.template [5ms]
2025-03-09 12:15:54.109 [info] > git for-each-ref --format=%(refname)%00%(upstream:short)%00%(objectname)%00%(upstream:track)%00%(upstream:remotename)%00%(upstream:remoteref) refs/heads/main refs/remotes/main [3ms]
2025-03-09 12:15:54.120 [info] > git for-each-ref --sort -committerdate --format %(refname) %(objectname) %(*objectname) [3ms]
2025-03-09 12:15:54.140 [info] > git status -z -uall [27ms]
2025-03-09 12:16:23.440 [info] > git config --get commit.template [8ms]
2025-03-09 12:16:23.442 [info] > git for-each-ref --format=%(refname)%00%(upstream:short)%00%(objectname)%00%(upstream:track)%00%(upstream:remotename)%00%(upstream:remoteref) refs/heads/main refs/remotes/main [3ms]
2025-03-09 12:16:23.461 [info] > git for-each-ref --sort -committerdate --format %(refname) %(objectname) %(*objectname) [3ms]
2025-03-09 12:16:23.511 [info] > git status -z -uall [59ms]
2025-03-09 12:16:28.527 [info] > git config --get commit.template [5ms]
2025-03-09 12:16:28.528 [info] > git for-each-ref --format=%(refname)%00%(upstream:short)%00%(objectname)%00%(upstream:track)%00%(upstream:remotename)%00%(upstream:remoteref) refs/heads/main refs/remotes/main [2ms]
2025-03-09 12:16:28.538 [info] > git for-each-ref --sort -committerdate --format %(refname) %(objectname) %(*objectname) [2ms]
2025-03-09 12:16:28.560 [info] > git status -z -uall [28ms]
2025-03-09 12:16:33.575 [info] > git config --get commit.template [5ms]
2025-03-09 12:16:33.576 [info] > git for-each-ref --format=%(refname)%00%(upstream:short)%00%(objectname)%00%(upstream:track)%00%(upstream:remotename)%00%(upstream:remoteref) refs/heads/main refs/remotes/main [1ms]
2025-03-09 12:16:33.586 [info] > git for-each-ref --sort -committerdate --format %(refname) %(objectname) %(*objectname) [2ms]
2025-03-09 12:16:33.603 [info] > git status -z -uall [23ms]
2025-03-09 12:16:38.618 [info] > git config --get commit.template [5ms]
2025-03-09 12:16:38.619 [info] > git for-each-ref --format=%(refname)%00%(upstream:short)%00%(objectname)%00%(upstream:track)%00%(upstream:remotename)%00%(upstream:remoteref) refs/heads/main refs/remotes/main [2ms]
2025-03-09 12:16:38.634 [info] > git for-each-ref --sort -committerdate --format %(refname) %(objectname) %(*objectname) [3ms]
2025-03-09 12:16:38.654 [info] > git status -z -uall [30ms]
2025-03-09 12:16:43.671 [info] > git config --get commit.template [6ms]
2025-03-09 12:16:43.672 [info] > git for-each-ref --format=%(refname)%00%(upstream:short)%00%(objectname)%00%(upstream:track)%00%(upstream:remotename)%00%(upstream:remoteref) refs/heads/main refs/remotes/main [2ms]
2025-03-09 12:16:43.685 [info] > git for-each-ref --sort -committerdate --format %(refname) %(objectname) %(*objectname) [3ms]
2025-03-09 12:16:43.706 [info] > git status -z -uall [30ms]
2025-03-09 12:17:03.724 [info] > git config --get commit.template [14ms]
2025-03-09 12:17:03.725 [info] > git for-each-ref --format=%(refname)%00%(upstream:short)%00%(objectname)%00%(upstream:track)%00%(upstream:remotename)%00%(upstream:remoteref) refs/heads/main refs/remotes/main [3ms]
2025-03-09 12:17:03.750 [info] > git for-each-ref --sort -committerdate --format %(refname) %(objectname) %(*objectname) [3ms]
2025-03-09 12:17:03.791 [info] > git status -z -uall [55ms]
2025-03-09 12:17:08.803 [info] > git config --get commit.template [5ms]
2025-03-09 12:17:08.804 [info] > git for-each-ref --format=%(refname)%00%(upstream:short)%00%(objectname)%00%(upstream:track)%00%(upstream:remotename)%00%(upstream:remoteref) refs/heads/main refs/remotes/main [2ms]
2025-03-09 12:17:08.815 [info] > git for-each-ref --sort -committerdate --format %(refname) %(objectname) %(*objectname) [1ms]
2025-03-09 12:17:08.833 [info] > git status -z -uall [24ms]
2025-03-09 12:17:13.846 [info] > git config --get commit.template [4ms]
2025-03-09 12:17:13.848 [info] > git for-each-ref --format=%(refname)%00%(upstream:short)%00%(objectname)%00%(upstream:track)%00%(upstream:remotename)%00%(upstream:remoteref) refs/heads/main refs/remotes/main [3ms]
2025-03-09 12:17:13.872 [info] > git for-each-ref --sort -committerdate --format %(refname) %(objectname) %(*objectname) [12ms]
2025-03-09 12:17:13.886 [info] > git status -z -uall [33ms]
2025-03-09 12:17:14.251 [info] > git show --textconv :PDC_WORKS/Sequential.c [4ms]
2025-03-09 12:17:14.252 [info] > git ls-files --stage -- PDC_WORKS/Sequential.c [2ms]
2025-03-09 12:17:14.258 [info] > git cat-file -s 80bfad2a071857ad397ed64dbeaf6da95c5d1f3a [2ms]
2025-03-09 12:17:18.898 [info] > git config --get commit.template [2ms]
2025-03-09 12:17:18.903 [info] > git for-each-ref --format=%(refname)%00%(upstream:short)%00%(objectname)%00%(upstream:track)%00%(upstream:remotename)%00%(upstream:remoteref) refs/heads/main refs/remotes/main [2ms]
2025-03-09 12:17:18.915 [info] > git for-each-ref --sort -committerdate --format %(refname) %(objectname) %(*objectname) [2ms]
2025-03-09 12:17:18.927 [info] > git status -z -uall [20ms]
2025-03-09 12:17:29.309 [info] > git config --get commit.template [6ms]
2025-03-09 12:17:29.316 [info] > git for-each-ref --format=%(refname)%00%(upstream:short)%00%(objectname)%00%(upstream:track)%00%(upstream:remotename)%00%(upstream:remoteref) refs/heads/main refs/remotes/main [8ms]
2025-03-09 12:17:29.337 [info] > git for-each-ref --sort -committerdate --format %(refname) %(objectname) %(*objectname) [3ms]
2025-03-09 12:17:29.411 [info] > git status -z -uall [88ms]
2025-03-09 12:17:30.380 [info] > git fetch [1084ms]
2025-03-09 12:17:30.393 [info] > git config --get commit.template [6ms]
2025-03-09 12:17:30.396 [info] > git for-each-ref --format=%(refname)%00%(upstream:short)%00%(objectname)%00%(upstream:track)%00%(upstream:remotename)%00%(upstream:remoteref) refs/heads/main refs/remotes/main [4ms]
2025-03-09 12:17:30.416 [info] > git for-each-ref --sort -committerdate --format %(refname) %(objectname) %(*objectname) [2ms]
2025-03-09 12:17:30.471 [info] > git status -z -uall [69ms]
2025-03-09 12:17:31.672 [info] > git ls-files --stage -- PDC_WORKS/Sequential.c [3ms]
2025-03-09 12:17:31.676 [info] > git cat-file -s 80bfad2a071857ad397ed64dbeaf6da95c5d1f3a [2ms]
2025-03-09 12:17:31.686 [info] > git show --textconv :PDC_WORKS/Sequential.c [3ms]
2025-03-09 12:19:17.617 [info] > git config --get commit.template [5ms]
2025-03-09 12:19:17.625 [info] > git for-each-ref --format=%(refname)%00%(upstream:short)%00%(objectname)%00%(upstream:track)%00%(upstream:remotename)%00%(upstream:remoteref) refs/heads/main refs/remotes/main [8ms]
2025-03-09 12:19:17.651 [info] > git for-each-ref --sort -committerdate --format %(refname) %(objectname) %(*objectname) [13ms]
2025-03-09 12:19:17.689 [info] > git status -z -uall [56ms]
2025-03-09 12:19:22.705 [info] > git config --get commit.template [5ms]
2025-03-09 12:19:22.706 [info] > git for-each-ref --format=%(refname)%00%(upstream:short)%00%(objectname)%00%(upstream:track)%00%(upstream:remotename)%00%(upstream:remoteref) refs/heads/main refs/remotes/main [1ms]
2025-03-09 12:19:22.717 [info] > git for-each-ref --sort -committerdate --format %(refname) %(objectname) %(*objectname) [4ms]
2025-03-09 12:19:22.733 [info] > git status -z -uall [24ms]
2025-03-09 12:19:23.221 [info] > git for-each-ref --sort -committerdate --format %(refname) %(objectname) %(*objectname) [1ms]
2025-03-09 12:19:27.748 [info] > git config --get commit.template [6ms]
2025-03-09 12:19:27.749 [info] > git for-each-ref --format=%(refname)%00%(upstream:short)%00%(objectname)%00%(upstream:track)%00%(upstream:remotename)%00%(upstream:remoteref) refs/heads/main refs/remotes/main [2ms]
2025-03-09 12:19:27.768 [info] > git for-each-ref --sort -committerdate --format %(refname) %(objectname) %(*objectname) [5ms]
2025-03-09 12:19:27.790 [info] > git status -z -uall [36ms]
2025-03-09 12:19:34.619 [info] > git config --get commit.template [13ms]
2025-03-09 12:19:34.623 [info] > git for-each-ref --format=%(refname)%00%(upstream:short)%00%(objectname)%00%(upstream:track)%00%(upstream:remotename)%00%(upstream:remoteref) refs/heads/main refs/remotes/main [4ms]
2025-03-09 12:19:34.652 [info] > git for-each-ref --sort -committerdate --format %(refname) %(objectname) %(*objectname) [4ms]
2025-03-09 12:19:34.708 [info] > git status -z -uall [71ms]
2025-03-09 12:19:36.799 [info] > git for-each-ref --sort -committerdate --format %(refname) %(objectname) %(*objectname) [3ms]
2025-03-09 12:19:39.721 [info] > git config --get commit.template [5ms]
2025-03-09 12:19:39.722 [info] > git for-each-ref --format=%(refname)%00%(upstream:short)%00%(objectname)%00%(upstream:track)%00%(upstream:remotename)%00%(upstream:remoteref) refs/heads/main refs/remotes/main [2ms]
2025-03-09 12:19:39.737 [info] > git for-each-ref --sort -committerdate --format %(refname) %(objectname) %(*objectname) [2ms]
2025-03-09 12:19:39.755 [info] > git status -z -uall [28ms]
2025-03-09 12:19:44.791 [info] > git config --get commit.template [26ms]
2025-03-09 12:19:44.794 [info] > git for-each-ref --format=%(refname)%00%(upstream:short)%00%(objectname)%00%(upstream:track)%00%(upstream:remotename)%00%(upstream:remoteref) refs/heads/main refs/remotes/main [10ms]
2025-03-09 12:19:44.828 [info] > git for-each-ref --sort -committerdate --format %(refname) %(objectname) %(*objectname) [12ms]
2025-03-09 12:19:44.890 [info] > git status -z -uall [80ms]
2025-03-09 12:20:41.056 [info] > git config --get commit.template [14ms]
2025-03-09 12:20:41.058 [info] > git for-each-ref --format=%(refname)%00%(upstream:short)%00%(objectname)%00%(upstream:track)%00%(upstream:remotename)%00%(upstream:remoteref) refs/heads/main refs/remotes/main [3ms]
2025-03-09 12:20:41.086 [info] > git for-each-ref --sort -committerdate --format %(refname) %(objectname) %(*objectname) [3ms]
2025-03-09 12:20:41.130 [info] > git status -z -uall [61ms]
2025-03-09 12:20:42.198 [info] > git fetch [1163ms]
2025-03-09 12:20:42.208 [info] > git config --get commit.template [5ms]
2025-03-09 12:20:42.209 [info] > git for-each-ref --format=%(refname)%00%(upstream:short)%00%(objectname)%00%(upstream:track)%00%(upstream:remotename)%00%(upstream:remoteref) refs/heads/main refs/remotes/main [1ms]
2025-03-09 12:20:42.226 [info] > git for-each-ref --sort -committerdate --format %(refname) %(objectname) %(*objectname) [2ms]
2025-03-09 12:20:42.248 [info] > git status -z -uall [33ms]
2025-03-09 12:20:42.261 [info] > git ls-files --stage -- PDC_WORKS/Sequential.c [3ms]
2025-03-09 12:20:42.269 [info] > git cat-file -s 80bfad2a071857ad397ed64dbeaf6da95c5d1f3a [2ms]
2025-03-09 12:20:42.332 [info] > git show --textconv :PDC_WORKS/Sequential.c [8ms]
2025-03-09 12:20:42.851 [info] > git for-each-ref --sort -committerdate --format %(refname) %(objectname) %(*objectname) [2ms]
2025-03-09 12:20:43.430 [info] > git ls-files --stage -- PDC_WORKS/Sequential.c [2ms]
2025-03-09 12:20:43.436 [info] > git cat-file -s 80bfad2a071857ad397ed64dbeaf6da95c5d1f3a [2ms]
2025-03-09 12:20:43.447 [info] > git show --textconv :PDC_WORKS/Sequential.c [3ms]
2025-03-09 12:20:46.146 [info] > git config --get commit.template [5ms]
2025-03-09 12:20:46.147 [info] > git for-each-ref --format=%(refname)%00%(upstream:short)%00%(objectname)%00%(upstream:track)%00%(upstream:remotename)%00%(upstream:remoteref) refs/heads/main refs/remotes/main [2ms]
2025-03-09 12:20:46.160 [info] > git for-each-ref --sort -committerdate --format %(refname) %(objectname) %(*objectname) [3ms]
2025-03-09 12:20:46.174 [info] > git status -z -uall [22ms]
2025-03-09 12:20:51.191 [info] > git config --get commit.template [6ms]
2025-03-09 12:20:51.193 [info] > git for-each-ref --format=%(refname)%00%(upstream:short)%00%(objectname)%00%(upstream:track)%00%(upstream:remotename)%00%(upstream:remoteref) refs/heads/main refs/remotes/main [2ms]
2025-03-09 12:20:51.208 [info] > git for-each-ref --sort -committerdate --format %(refname) %(objectname) %(*objectname) [2ms]
2025-03-09 12:20:51.224 [info] > git status -z -uall [23ms]
2025-03-09 12:20:56.238 [info] > git config --get commit.template [4ms]
2025-03-09 12:20:56.240 [info] > git for-each-ref --format=%(refname)%00%(upstream:short)%00%(objectname)%00%(upstream:track)%00%(upstream:remotename)%00%(upstream:remoteref) refs/heads/main refs/remotes/main [1ms]
2025-03-09 12:20:56.251 [info] > git for-each-ref --sort -committerdate --format %(refname) %(objectname) %(*objectname) [1ms]
2025-03-09 12:20:56.264 [info] > git status -z -uall [20ms]
2025-03-09 12:20:58.399 [info] > git checkout -q -b HOME_TASK --no-track HEAD [23ms]
2025-03-09 12:20:58.412 [info] > git config --get commit.template [7ms]
2025-03-09 12:20:58.413 [info] > git for-each-ref --format=%(refname)%00%(upstream:short)%00%(objectname)%00%(upstream:track)%00%(upstream:remotename)%00%(upstream:remoteref) refs/heads/HOME_TASK refs/remotes/HOME_TASK [3ms]
2025-03-09 12:20:58.427 [info] > git for-each-ref --sort -committerdate --format %(refname) %(objectname) %(*objectname) [3ms]
2025-03-09 12:20:58.438 [info] > git status -z -uall [20ms]
2025-03-09 12:20:58.449 [info] > git for-each-ref --format=%(refname)%00%(upstream:short)%00%(objectname)%00%(upstream:track)%00%(upstream:remotename)%00%(upstream:remoteref) refs/heads/HOME_TASK refs/remotes/HOME_TASK [3ms]
2025-03-09 12:20:58.458 [info] > git config --get --local branch.HOME_TASK.vscode-merge-base [2ms]
2025-03-09 12:20:58.458 [warning] [Git][config] git config failed: Failed to execute git
2025-03-09 12:20:58.476 [info] > git reflog HOME_TASK --grep-reflog=branch: Created from *. [2ms]
2025-03-09 12:20:58.481 [info] > git reflog HEAD --grep-reflog=checkout: moving from .* to HOME_TASK [2ms]
2025-03-09 12:20:58.490 [info] > git for-each-ref --format=%(refname)%00%(upstream:short)%00%(objectname)%00%(upstream:track)%00%(upstream:remotename)%00%(upstream:remoteref) refs/heads/main refs/remotes/main [3ms]
2025-03-09 12:20:58.497 [info] > git for-each-ref --format=%(refname)%00%(upstream:short)%00%(objectname)%00%(upstream:track)%00%(upstream:remotename)%00%(upstream:remoteref) refs/remotes/origin/main [2ms]
2025-03-09 12:20:58.508 [info] > git config --add --local branch.HOME_TASK.vscode-merge-base origin/main [5ms]
2025-03-09 12:20:58.525 [info] > git config --get commit.template [3ms]
2025-03-09 12:20:58.546 [info] > git for-each-ref --format=%(refname)%00%(upstream:short)%00%(objectname)%00%(upstream:track)%00%(upstream:remotename)%00%(upstream:remoteref) refs/heads/HOME_TASK refs/remotes/HOME_TASK [7ms]
2025-03-09 12:20:58.561 [info] > git for-each-ref --sort -committerdate --format %(refname) %(objectname) %(*objectname) [3ms]
2025-03-09 12:20:58.573 [info] > git status -z -uall [21ms]
2025-03-09 12:20:58.582 [info] > git for-each-ref --format=%(refname)%00%(upstream:short)%00%(objectname)%00%(upstream:track)%00%(upstream:remotename)%00%(upstream:remoteref) refs/heads/HOME_TASK refs/remotes/HOME_TASK [3ms]
2025-03-09 12:20:58.593 [info] > git config --get --local branch.HOME_TASK.vscode-merge-base [1ms]
2025-03-09 12:20:58.599 [info] > git for-each-ref --format=%(refname)%00%(upstream:short)%00%(objectname)%00%(upstream:track)%00%(upstream:remotename)%00%(upstream:remoteref) refs/heads/origin/main refs/remotes/origin/main [2ms]
2025-03-09 12:20:59.873 [info] > git ls-files --stage -- PDC_WORKS/Sequential.c [4ms]
2025-03-09 12:20:59.880 [info] > git cat-file -s 80bfad2a071857ad397ed64dbeaf6da95c5d1f3a [3ms]
2025-03-09 12:20:59.891 [info] > git show --textconv :PDC_WORKS/Sequential.c [3ms]
2025-03-09 12:21:01.281 [info] > git config --get commit.template [5ms]
2025-03-09 12:21:01.281 [info] > git for-each-ref --format=%(refname)%00%(upstream:short)%00%(objectname)%00%(upstream:track)%00%(upstream:remotename)%00%(upstream:remoteref) refs/heads/HOME_TASK refs/remotes/HOME_TASK [2ms]
2025-03-09 12:21:01.291 [info] > git for-each-ref --sort -committerdate --format %(refname) %(objectname) %(*objectname) [2ms]
2025-03-09 12:21:01.305 [info] > git status -z -uall [20ms]
2025-03-09 12:21:06.321 [info] > git config --get commit.template [5ms]
2025-03-09 12:21:06.322 [info] > git for-each-ref --format=%(refname)%00%(upstream:short)%00%(objectname)%00%(upstream:track)%00%(upstream:remotename)%00%(upstream:remoteref) refs/heads/HOME_TASK refs/remotes/HOME_TASK [2ms]
2025-03-09 12:21:06.344 [info] > git for-each-ref --sort -committerdate --format %(refname) %(objectname) %(*objectname) [8ms]
2025-03-09 12:21:06.350 [info] > git status -z -uall [21ms]
2025-03-09 12:21:21.031 [info] > git config --get commit.template [14ms]
2025-03-09 12:21:21.032 [info] > git for-each-ref --format=%(refname)%00%(upstream:short)%00%(objectname)%00%(upstream:track)%00%(upstream:remotename)%00%(upstream:remoteref) refs/heads/HOME_TASK refs/remotes/HOME_TASK [2ms]
2025-03-09 12:21:21.050 [info] > git for-each-ref --sort -committerdate --format %(refname) %(objectname) %(*objectname) [3ms]
2025-03-09 12:21:21.095 [info] > git status -z -uall [57ms]
2025-03-09 12:24:05.438 [info] > git config --get commit.template [14ms]
2025-03-09 12:24:05.439 [info] > git for-each-ref --format=%(refname)%00%(upstream:short)%00%(objectname)%00%(upstream:track)%00%(upstream:remotename)%00%(upstream:remoteref) refs/heads/HOME_TASK refs/remotes/HOME_TASK [2ms]
2025-03-09 12:24:05.455 [info] > git for-each-ref --sort -committerdate --format %(refname) %(objectname) %(*objectname) [3ms]
2025-03-09 12:24:05.498 [info] > git status -z -uall [54ms]
2025-03-09 12:24:06.590 [info] > git fetch [1176ms]
2025-03-09 12:24:06.598 [info] > git config --get commit.template [4ms]
2025-03-09 12:24:06.599 [info] > git for-each-ref --format=%(refname)%00%(upstream:short)%00%(objectname)%00%(upstream:track)%00%(upstream:remotename)%00%(upstream:remoteref) refs/heads/HOME_TASK refs/remotes/HOME_TASK [2ms]
2025-03-09 12:24:06.609 [info] > git for-each-ref --sort -committerdate --format %(refname) %(objectname) %(*objectname) [3ms]
2025-03-09 12:24:06.617 [info] > git status -z -uall [16ms]
2025-03-09 12:24:06.623 [info] > git ls-files --stage -- PDC_WORKS/Sequential.c [8ms]
2025-03-09 12:24:06.628 [info] > git cat-file -s 80bfad2a071857ad397ed64dbeaf6da95c5d1f3a [2ms]
2025-03-09 12:24:06.638 [info] > git show --textconv :PDC_WORKS/Sequential.c [2ms]
2025-03-09 12:24:07.800 [info] > git ls-files --stage -- PDC_WORKS/Sequential.c [2ms]
2025-03-09 12:24:07.804 [info] > git cat-file -s 80bfad2a071857ad397ed64dbeaf6da95c5d1f3a [1ms]
2025-03-09 12:24:07.814 [info] > git show --textconv :PDC_WORKS/Sequential.c [3ms]
2025-03-09 12:24:10.514 [info] > git config --get commit.template [6ms]
2025-03-09 12:24:10.515 [info] > git for-each-ref --format=%(refname)%00%(upstream:short)%00%(objectname)%00%(upstream:track)%00%(upstream:remotename)%00%(upstream:remoteref) refs/heads/HOME_TASK refs/remotes/HOME_TASK [2ms]
2025-03-09 12:24:10.530 [info] > git for-each-ref --sort -committerdate --format %(refname) %(objectname) %(*objectname) [3ms]
2025-03-09 12:24:10.547 [info] > git status -z -uall [25ms]
2025-03-09 12:24:15.562 [info] > git config --get commit.template [5ms]
2025-03-09 12:24:15.563 [info] > git for-each-ref --format=%(refname)%00%(upstream:short)%00%(objectname)%00%(upstream:track)%00%(upstream:remotename)%00%(upstream:remoteref) refs/heads/HOME_TASK refs/remotes/HOME_TASK [2ms]
2025-03-09 12:24:15.578 [info] > git for-each-ref --sort -committerdate --format %(refname) %(objectname) %(*objectname) [5ms]
2025-03-09 12:24:15.588 [info] > git status -z -uall [21ms]
2025-03-09 12:24:16.368 [info] > git add -A -- . [23ms]
2025-03-09 12:24:16.398 [info] > git -c user.useConfigOnly=true commit --quiet --allow-empty-message --file - [25ms]
2025-03-09 12:24:16.406 [info] > git config --get commit.template [2ms]
2025-03-09 12:24:16.422 [info] > git for-each-ref --format=%(refname)%00%(upstream:short)%00%(objectname)%00%(upstream:track)%00%(upstream:remotename)%00%(upstream:remoteref) refs/heads/HOME_TASK refs/remotes/HOME_TASK [3ms]
2025-03-09 12:24:16.422 [info] > git config --get commit.template [8ms]
2025-03-09 12:24:16.458 [info] > git status -z -uall [20ms]
2025-03-09 12:24:16.466 [info] > git for-each-ref --sort -committerdate --format %(refname) %(objectname) %(*objectname) [16ms]
2025-03-09 12:24:16.518 [info] > git blame --root --incremental a1f56de5e0a0460e546a37bc7d21f71a5a62523d -- PDC_WORKS/Sequential.c [41ms]
2025-03-09 12:24:16.584 [info] > git config --get commit.template [8ms]
2025-03-09 12:24:16.586 [info] > git for-each-ref --format=%(refname)%00%(upstream:short)%00%(objectname)%00%(upstream:track)%00%(upstream:remotename)%00%(upstream:remoteref) refs/heads/HOME_TASK refs/remotes/HOME_TASK [2ms]
2025-03-09 12:24:16.603 [info] > git for-each-ref --sort -committerdate --format %(refname) %(objectname) %(*objectname) [3ms]
2025-03-09 12:24:16.614 [info] > git status -z -uall [23ms]
2025-03-09 12:24:17.791 [info] > git ls-files --stage -- PDC_WORKS/Sequential.c [2ms]
2025-03-09 12:24:17.796 [info] > git cat-file -s b1e4a123f490be2edd36090b2ee9a63be914bdf3 [2ms]
2025-03-09 12:24:17.807 [info] > git show --textconv :PDC_WORKS/Sequential.c [3ms]
